Archive member included because of file (symbol)

c:/winavr-20100110/bin/../lib/gcc/avr/4.3.3/avr5\libgcc.a(_udivmodhi4.o)
                              ./Rtos_Source/queue.o (__udivmodhi4)
c:/winavr-20100110/bin/../lib/gcc/avr/4.3.3/avr5\libgcc.a(_exit.o)
                              c:/winavr-20100110/bin/../lib/gcc/avr/4.3.3/../../../../avr/lib/avr5/crtm323.o (exit)
c:/winavr-20100110/bin/../lib/gcc/avr/4.3.3/avr5\libgcc.a(_copy_data.o)
                              ./source_main/MCAL/gpio/gpio_PBcfg.o (__do_copy_data)
c:/winavr-20100110/bin/../lib/gcc/avr/4.3.3/avr5\libgcc.a(_clear_bss.o)
                              ./source_main/MCAL/timer/timer.o (__do_clear_bss)
c:/winavr-20100110/bin/../lib/gcc/avr/4.3.3/avr5\libgcc.a(_fixunssfsi.o)
                              ./source_main/MCAL/gpio/gpio.o (__fixunssfsi)
c:/winavr-20100110/bin/../lib/gcc/avr/4.3.3/avr5\libgcc.a(_addsub_sf.o)
                              c:/winavr-20100110/bin/../lib/gcc/avr/4.3.3/avr5\libgcc.a(_fixunssfsi.o) (__subsf3)
c:/winavr-20100110/bin/../lib/gcc/avr/4.3.3/avr5\libgcc.a(_mul_sf.o)
                              ./source_main/MCAL/gpio/gpio.o (__mulsf3)
c:/winavr-20100110/bin/../lib/gcc/avr/4.3.3/avr5\libgcc.a(_gt_sf.o)
                              ./source_main/MCAL/gpio/gpio.o (__gtsf2)
c:/winavr-20100110/bin/../lib/gcc/avr/4.3.3/avr5\libgcc.a(_ge_sf.o)
                              c:/winavr-20100110/bin/../lib/gcc/avr/4.3.3/avr5\libgcc.a(_fixunssfsi.o) (__gesf2)
c:/winavr-20100110/bin/../lib/gcc/avr/4.3.3/avr5\libgcc.a(_lt_sf.o)
                              ./source_main/MCAL/gpio/gpio.o (__ltsf2)
c:/winavr-20100110/bin/../lib/gcc/avr/4.3.3/avr5\libgcc.a(_sf_to_si.o)
                              c:/winavr-20100110/bin/../lib/gcc/avr/4.3.3/avr5\libgcc.a(_fixunssfsi.o) (__fixsfsi)
c:/winavr-20100110/bin/../lib/gcc/avr/4.3.3/avr5\libgcc.a(_thenan_sf.o)
                              c:/winavr-20100110/bin/../lib/gcc/avr/4.3.3/avr5\libgcc.a(_addsub_sf.o) (__thenan_sf)
c:/winavr-20100110/bin/../lib/gcc/avr/4.3.3/avr5\libgcc.a(_prologue.o)
                              c:/winavr-20100110/bin/../lib/gcc/avr/4.3.3/avr5\libgcc.a(_addsub_sf.o) (__prologue_saves__)
c:/winavr-20100110/bin/../lib/gcc/avr/4.3.3/avr5\libgcc.a(_epilogue.o)
                              c:/winavr-20100110/bin/../lib/gcc/avr/4.3.3/avr5\libgcc.a(_addsub_sf.o) (__epilogue_restores__)
c:/winavr-20100110/bin/../lib/gcc/avr/4.3.3/avr5\libgcc.a(_pack_sf.o)
                              c:/winavr-20100110/bin/../lib/gcc/avr/4.3.3/avr5\libgcc.a(_addsub_sf.o) (__pack_f)
c:/winavr-20100110/bin/../lib/gcc/avr/4.3.3/avr5\libgcc.a(_unpack_sf.o)
                              c:/winavr-20100110/bin/../lib/gcc/avr/4.3.3/avr5\libgcc.a(_addsub_sf.o) (__unpack_f)
c:/winavr-20100110/bin/../lib/gcc/avr/4.3.3/avr5\libgcc.a(_fpcmp_parts_sf.o)
                              c:/winavr-20100110/bin/../lib/gcc/avr/4.3.3/avr5\libgcc.a(_gt_sf.o) (__fpcmp_parts_f)
c:/winavr-20100110/bin/../lib/gcc/avr/4.3.3/../../../../avr/lib/avr5\libc.a(memcpy.o)
                              ./Rtos_Source/queue.o (memcpy)
c:/winavr-20100110/bin/../lib/gcc/avr/4.3.3/../../../../avr/lib/avr5\libc.a(memset.o)
                              ./Rtos_Source/tasks.o (memset)

Allocating common symbols
Common symbol       size              file

task3ptr            0x2               ./source_main/main.o
task2ptr            0x2               ./source_main/main.o
task1ptr            0x2               ./source_main/main.o

Memory Configuration

Name             Origin             Length             Attributes
text             0x00000000         0x00020000         xr
data             0x00800060         0x0000ffa0         rw !x
eeprom           0x00810000         0x00010000         rw !x
fuse             0x00820000         0x00000400         rw !x
lock             0x00830000         0x00000400         rw !x
signature        0x00840000         0x00000400         rw !x
*default*        0x00000000         0xffffffff

Linker script and memory map

LOAD c:/winavr-20100110/bin/../lib/gcc/avr/4.3.3/../../../../avr/lib/avr5/crtm323.o
LOAD ./source_main/MCAL/timer/timer.o
LOAD ./source_main/MCAL/spi/spi.o
LOAD ./source_main/MCAL/gpio/gpio.o
LOAD ./source_main/MCAL/gpio/gpio_PBcfg.o
LOAD ./source_main/main.o
LOAD ./Rtos_Source/portable/MemMang/heap_1.o
LOAD ./Rtos_Source/portable/GCC/ATMega323/port.o
LOAD ./Rtos_Source/croutine.o
LOAD ./Rtos_Source/event_groups.o
LOAD ./Rtos_Source/list.o
LOAD ./Rtos_Source/queue.o
LOAD ./Rtos_Source/tasks.o
LOAD ./Rtos_Source/timers.o
LOAD c:/winavr-20100110/bin/../lib/gcc/avr/4.3.3/avr5\libgcc.a
LOAD c:/winavr-20100110/bin/../lib/gcc/avr/4.3.3/../../../../avr/lib/avr5\libc.a
LOAD c:/winavr-20100110/bin/../lib/gcc/avr/4.3.3/avr5\libgcc.a

.hash
 *(.hash)

.dynsym
 *(.dynsym)

.dynstr
 *(.dynstr)

.gnu.version
 *(.gnu.version)

.gnu.version_d
 *(.gnu.version_d)

.gnu.version_r
 *(.gnu.version_r)

.rel.init
 *(.rel.init)

.rela.init
 *(.rela.init)

.rel.text
 *(.rel.text)
 *(.rel.text.*)
 *(.rel.gnu.linkonce.t*)

.rela.text
 *(.rela.text)
 *(.rela.text.*)
 *(.rela.gnu.linkonce.t*)

.rel.fini
 *(.rel.fini)

.rela.fini
 *(.rela.fini)

.rel.rodata
 *(.rel.rodata)
 *(.rel.rodata.*)
 *(.rel.gnu.linkonce.r*)

.rela.rodata
 *(.rela.rodata)
 *(.rela.rodata.*)
 *(.rela.gnu.linkonce.r*)

.rel.data
 *(.rel.data)
 *(.rel.data.*)
 *(.rel.gnu.linkonce.d*)

.rela.data
 *(.rela.data)
 *(.rela.data.*)
 *(.rela.gnu.linkonce.d*)

.rel.ctors
 *(.rel.ctors)

.rela.ctors
 *(.rela.ctors)

.rel.dtors
 *(.rel.dtors)

.rela.dtors
 *(.rela.dtors)

.rel.got
 *(.rel.got)

.rela.got
 *(.rela.got)

.rel.bss
 *(.rel.bss)

.rela.bss
 *(.rela.bss)

.rel.plt
 *(.rel.plt)

.rela.plt
 *(.rela.plt)

.text           0x00000000     0x7848
 *(.vectors)
 .vectors       0x00000000       0x50 c:/winavr-20100110/bin/../lib/gcc/avr/4.3.3/../../../../avr/lib/avr5/crtm323.o
                0x00000000                __vectors
                0x00000000                __vector_default
 *(.vectors)
 *(.progmem.gcc*)
 *(.progmem*)
                0x00000050                . = ALIGN (0x2)
                0x00000050                __trampolines_start = .
 *(.trampolines)
 .trampolines   0x00000050        0x0 linker stubs
 *(.trampolines*)
                0x00000050                __trampolines_end = .
 *(.jumptables)
 *(.jumptables*)
 *(.lowtext)
 *(.lowtext*)
                0x00000050                __ctors_start = .
 *(.ctors)
                0x00000050                __ctors_end = .
                0x00000050                __dtors_start = .
 *(.dtors)
                0x00000050                __dtors_end = .
 SORT(*)(.ctors)
 SORT(*)(.dtors)
 *(.init0)
 .init0         0x00000050        0x0 c:/winavr-20100110/bin/../lib/gcc/avr/4.3.3/../../../../avr/lib/avr5/crtm323.o
                0x00000050                __init
 *(.init0)
 *(.init1)
 *(.init1)
 *(.init2)
 .init2         0x00000050        0xc c:/winavr-20100110/bin/../lib/gcc/avr/4.3.3/../../../../avr/lib/avr5/crtm323.o
 *(.init2)
 *(.init3)
 *(.init3)
 *(.init4)
 .init4         0x0000005c       0x16 c:/winavr-20100110/bin/../lib/gcc/avr/4.3.3/avr5\libgcc.a(_copy_data.o)
                0x0000005c                __do_copy_data
 .init4         0x00000072       0x10 c:/winavr-20100110/bin/../lib/gcc/avr/4.3.3/avr5\libgcc.a(_clear_bss.o)
                0x00000072                __do_clear_bss
 *(.init4)
 *(.init5)
 *(.init5)
 *(.init6)
 *(.init6)
 *(.init7)
 *(.init7)
 *(.init8)
 *(.init8)
 *(.init9)
 .init9         0x00000082        0x8 c:/winavr-20100110/bin/../lib/gcc/avr/4.3.3/../../../../avr/lib/avr5/crtm323.o
 *(.init9)
 *(.text)
 .text          0x0000008a        0x4 c:/winavr-20100110/bin/../lib/gcc/avr/4.3.3/../../../../avr/lib/avr5/crtm323.o
                0x0000008a                __vector_1
                0x0000008a                __vector_12
                0x0000008a                __bad_interrupt
                0x0000008a                __vector_6
                0x0000008a                __vector_3
                0x0000008a                __vector_13
                0x0000008a                __vector_17
                0x0000008a                __vector_19
                0x0000008a                __vector_5
                0x0000008a                __vector_4
                0x0000008a                __vector_9
                0x0000008a                __vector_2
                0x0000008a                __vector_15
                0x0000008a                __vector_8
                0x0000008a                __vector_14
                0x0000008a                __vector_16
                0x0000008a                __vector_18
 .text          0x0000008e        0x0 ./source_main/MCAL/timer/timer.o
 .text          0x0000008e        0x0 ./source_main/MCAL/spi/spi.o
 .text          0x0000008e        0x0 ./source_main/MCAL/gpio/gpio.o
 .text          0x0000008e        0x0 ./source_main/MCAL/gpio/gpio_PBcfg.o
 .text          0x0000008e        0x0 ./source_main/main.o
 .text          0x0000008e        0x0 ./Rtos_Source/portable/MemMang/heap_1.o
 .text          0x0000008e        0x0 ./Rtos_Source/portable/GCC/ATMega323/port.o
 .text          0x0000008e        0x0 ./Rtos_Source/croutine.o
 .text          0x0000008e        0x0 ./Rtos_Source/event_groups.o
 .text          0x0000008e        0x0 ./Rtos_Source/list.o
 .text          0x0000008e        0x0 ./Rtos_Source/queue.o
 .text          0x0000008e        0x0 ./Rtos_Source/tasks.o
 .text          0x0000008e        0x0 ./Rtos_Source/timers.o
 .text          0x0000008e        0x0 c:/winavr-20100110/bin/../lib/gcc/avr/4.3.3/avr5\libgcc.a(_udivmodhi4.o)
 .text          0x0000008e        0x0 c:/winavr-20100110/bin/../lib/gcc/avr/4.3.3/avr5\libgcc.a(_exit.o)
 .text          0x0000008e        0x0 c:/winavr-20100110/bin/../lib/gcc/avr/4.3.3/avr5\libgcc.a(_copy_data.o)
 .text          0x0000008e        0x0 c:/winavr-20100110/bin/../lib/gcc/avr/4.3.3/avr5\libgcc.a(_clear_bss.o)
 .text          0x0000008e       0x58 c:/winavr-20100110/bin/../lib/gcc/avr/4.3.3/avr5\libgcc.a(_fixunssfsi.o)
                0x0000008e                __fixunssfsi
 .text          0x000000e6      0x354 c:/winavr-20100110/bin/../lib/gcc/avr/4.3.3/avr5\libgcc.a(_addsub_sf.o)
                0x0000037e                __subsf3
                0x000003e0                __addsf3
 .text          0x0000043a      0x1f4 c:/winavr-20100110/bin/../lib/gcc/avr/4.3.3/avr5\libgcc.a(_mul_sf.o)
                0x0000043a                __mulsf3
 .text          0x0000062e       0x60 c:/winavr-20100110/bin/../lib/gcc/avr/4.3.3/avr5\libgcc.a(_gt_sf.o)
                0x0000062e                __gtsf2
 .text          0x0000068e       0x60 c:/winavr-20100110/bin/../lib/gcc/avr/4.3.3/avr5\libgcc.a(_ge_sf.o)
                0x0000068e                __gesf2
 .text          0x000006ee       0x60 c:/winavr-20100110/bin/../lib/gcc/avr/4.3.3/avr5\libgcc.a(_lt_sf.o)
                0x000006ee                __ltsf2
 .text          0x0000074e       0xa8 c:/winavr-20100110/bin/../lib/gcc/avr/4.3.3/avr5\libgcc.a(_sf_to_si.o)
                0x0000074e                __fixsfsi
 .text          0x000007f6        0x0 c:/winavr-20100110/bin/../lib/gcc/avr/4.3.3/avr5\libgcc.a(_thenan_sf.o)
 .text          0x000007f6        0x0 c:/winavr-20100110/bin/../lib/gcc/avr/4.3.3/avr5\libgcc.a(_prologue.o)
 .text          0x000007f6        0x0 c:/winavr-20100110/bin/../lib/gcc/avr/4.3.3/avr5\libgcc.a(_epilogue.o)
 .text          0x000007f6      0x1aa c:/winavr-20100110/bin/../lib/gcc/avr/4.3.3/avr5\libgcc.a(_pack_sf.o)
                0x000007f6                __pack_f
 .text          0x000009a0       0xf0 c:/winavr-20100110/bin/../lib/gcc/avr/4.3.3/avr5\libgcc.a(_unpack_sf.o)
                0x000009a0                __unpack_f
 .text          0x00000a90       0xb2 c:/winavr-20100110/bin/../lib/gcc/avr/4.3.3/avr5\libgcc.a(_fpcmp_parts_sf.o)
                0x00000a90                __fpcmp_parts_f
 .text          0x00000b42        0x0 c:/winavr-20100110/bin/../lib/gcc/avr/4.3.3/../../../../avr/lib/avr5\libc.a(memcpy.o)
 .text          0x00000b42        0x0 c:/winavr-20100110/bin/../lib/gcc/avr/4.3.3/../../../../avr/lib/avr5\libc.a(memset.o)
                0x00000b42                . = ALIGN (0x2)
 *(.text.*)
 .text.__vector_11
                0x00000b42       0x66 ./source_main/MCAL/timer/timer.o
                0x00000b42                __vector_11
 .text.__vector_10
                0x00000ba8       0x66 ./source_main/MCAL/timer/timer.o
                0x00000ba8                __vector_10
 .text.Timer0_init
                0x00000c0e       0xae ./source_main/MCAL/timer/timer.o
                0x00000c0e                Timer0_init
 .text.Timer0_setCallBack
                0x00000cbc       0x24 ./source_main/MCAL/timer/timer.o
                0x00000cbc                Timer0_setCallBack
 .text.Timer0_DeInit
                0x00000ce0       0x1a ./source_main/MCAL/timer/timer.o
                0x00000ce0                Timer0_DeInit
 .text.EnableInterrupt
                0x00000cfa        0xe ./source_main/MCAL/timer/timer.o
                0x00000cfa                EnableInterrupt
 .text.DisableInterrupt
                0x00000d08        0xe ./source_main/MCAL/timer/timer.o
                0x00000d08                DisableInterrupt
 .text.SPI_initMaster
                0x00000d16       0x4c ./source_main/MCAL/spi/spi.o
                0x00000d16                SPI_initMaster
 .text.SPI_initSlave
                0x00000d62       0x4c ./source_main/MCAL/spi/spi.o
                0x00000d62                SPI_initSlave
 .text.SPI_sendReceiveByte
                0x00000dae       0x2c ./source_main/MCAL/spi/spi.o
                0x00000dae                SPI_sendReceiveByte
 .text.SPI_sendString
                0x00000dda       0x58 ./source_main/MCAL/spi/spi.o
                0x00000dda                SPI_sendString
 .text.SPI_receiveString
                0x00000e32       0x8a ./source_main/MCAL/spi/spi.o
                0x00000e32                SPI_receiveString
 .text.GPIO_Init
                0x00000ebc      0x1bc ./source_main/MCAL/gpio/gpio.o
                0x00000ebc                GPIO_Init
 .text.GPIO_ChannelGroupWrite
                0x00001078       0xc6 ./source_main/MCAL/gpio/gpio.o
                0x00001078                GPIO_ChannelGroupWrite
 .text.GPIO_ChannelGroupRead
                0x0000113e      0x2ee ./source_main/MCAL/gpio/gpio.o
                0x0000113e                GPIO_ChannelGroupRead
 .text.GPIO_setupPinDirection
                0x0000142c      0x1d6 ./source_main/MCAL/gpio/gpio.o
                0x0000142c                GPIO_setupPinDirection
 .text.GPIO_writePin
                0x00001602      0x1d6 ./source_main/MCAL/gpio/gpio.o
                0x00001602                GPIO_writePin
 .text.GPIO_TogglePin
                0x000017d8      0x10a ./source_main/MCAL/gpio/gpio.o
                0x000017d8                GPIO_TogglePin
 .text.GPIO_readPin
                0x000018e2      0x136 ./source_main/MCAL/gpio/gpio.o
                0x000018e2                GPIO_readPin
 .text.GPIO_setupPortDirection
                0x00001a18       0x88 ./source_main/MCAL/gpio/gpio.o
                0x00001a18                GPIO_setupPortDirection
 .text.GPIO_writePort
                0x00001aa0       0x88 ./source_main/MCAL/gpio/gpio.o
                0x00001aa0                GPIO_writePort
 .text.GPIO_readPort
                0x00001b28       0x8a ./source_main/MCAL/gpio/gpio.o
                0x00001b28                GPIO_readPort
 .text.task5    0x00001bb2       0x80 ./source_main/main.o
                0x00001bb2                task5
 .text.main     0x00001c32        0xe ./source_main/main.o
                0x00001c32                main
 .text.Task1_Func_timer
                0x00001c40       0x20 ./source_main/main.o
                0x00001c40                Task1_Func_timer
 .text.Task2_Func_timer
                0x00001c60       0x20 ./source_main/main.o
                0x00001c60                Task2_Func_timer
 .text.Task3_Func_timer
                0x00001c80       0x20 ./source_main/main.o
                0x00001c80                Task3_Func_timer
 .text.Task1_Func
                0x00001ca0       0x1a ./source_main/main.o
                0x00001ca0                Task1_Func
 .text.Task2_Func
                0x00001cba       0x1a ./source_main/main.o
                0x00001cba                Task2_Func
 .text.Task3_Func
                0x00001cd4       0x1a ./source_main/main.o
                0x00001cd4                Task3_Func
 .text.pvPortMalloc
                0x00001cee       0xb4 ./Rtos_Source/portable/MemMang/heap_1.o
                0x00001cee                pvPortMalloc
 .text.vPortFree
                0x00001da2       0x18 ./Rtos_Source/portable/MemMang/heap_1.o
                0x00001da2                vPortFree
 .text.vPortInitialiseBlocks
                0x00001dba       0x16 ./Rtos_Source/portable/MemMang/heap_1.o
                0x00001dba                vPortInitialiseBlocks
 .text.xPortGetFreeHeapSize
                0x00001dd0       0x1e ./Rtos_Source/portable/MemMang/heap_1.o
                0x00001dd0                xPortGetFreeHeapSize
 .text.pxPortInitialiseStack
                0x00001dee      0x306 ./Rtos_Source/portable/GCC/ATMega323/port.o
                0x00001dee                pxPortInitialiseStack
 .text.xPortStartScheduler
                0x000020f4       0x6a ./Rtos_Source/portable/GCC/ATMega323/port.o
                0x000020f4                xPortStartScheduler
 .text.vPortEndScheduler
                0x0000215e        0xe ./Rtos_Source/portable/GCC/ATMega323/port.o
                0x0000215e                vPortEndScheduler
 .text.vPortYield
                0x0000216c       0xb2 ./Rtos_Source/portable/GCC/ATMega323/port.o
                0x0000216c                vPortYield
 .text.vPortYieldFromTick
                0x0000221e       0xba ./Rtos_Source/portable/GCC/ATMega323/port.o
                0x0000221e                vPortYieldFromTick
 .text.prvSetupTimerInterrupt
                0x000022d8       0xb8 ./Rtos_Source/portable/GCC/ATMega323/port.o
 .text.__vector_7
                0x00002390        0x6 ./Rtos_Source/portable/GCC/ATMega323/port.o
                0x00002390                __vector_7
 .text.xCoRoutineCreate
                0x00002396      0x128 ./Rtos_Source/croutine.o
                0x00002396                xCoRoutineCreate
 .text.vCoRoutineAddToDelayedList
                0x000024be       0xc2 ./Rtos_Source/croutine.o
                0x000024be                vCoRoutineAddToDelayedList
 .text.prvCheckPendingReadyList
                0x00002580       0x94 ./Rtos_Source/croutine.o
 .text.prvCheckDelayedList
                0x00002614      0x15c ./Rtos_Source/croutine.o
 .text.vCoRoutineSchedule
                0x00002770      0x102 ./Rtos_Source/croutine.o
                0x00002770                vCoRoutineSchedule
 .text.prvInitialiseCoRoutineLists
                0x00002872       0x72 ./Rtos_Source/croutine.o
 .text.xCoRoutineRemoveFromEventList
                0x000028e4       0x70 ./Rtos_Source/croutine.o
                0x000028e4                xCoRoutineRemoveFromEventList
 .text.xEventGroupCreate
                0x00002954       0x3e ./Rtos_Source/event_groups.o
                0x00002954                xEventGroupCreate
 .text.xEventGroupSync
                0x00002992      0x172 ./Rtos_Source/event_groups.o
                0x00002992                xEventGroupSync
 .text.xEventGroupWaitBits
                0x00002b04      0x18c ./Rtos_Source/event_groups.o
                0x00002b04                xEventGroupWaitBits
 .text.xEventGroupClearBits
                0x00002c90       0x6c ./Rtos_Source/event_groups.o
                0x00002c90                xEventGroupClearBits
 .text.xEventGroupGetBitsFromISR
                0x00002cfc       0x44 ./Rtos_Source/event_groups.o
                0x00002cfc                xEventGroupGetBitsFromISR
 .text.xEventGroupSetBits
                0x00002d40      0x164 ./Rtos_Source/event_groups.o
                0x00002d40                xEventGroupSetBits
 .text.vEventGroupDelete
                0x00002ea4       0x62 ./Rtos_Source/event_groups.o
                0x00002ea4                vEventGroupDelete
 .text.vEventGroupSetBitsCallback
                0x00002f06       0x3a ./Rtos_Source/event_groups.o
                0x00002f06                vEventGroupSetBitsCallback
 .text.vEventGroupClearBitsCallback
                0x00002f40       0x3a ./Rtos_Source/event_groups.o
                0x00002f40                vEventGroupClearBitsCallback
 .text.prvTestWaitCondition
                0x00002f7a       0x64 ./Rtos_Source/event_groups.o
 .text.vListInitialise
                0x00002fde       0x54 ./Rtos_Source/list.o
                0x00002fde                vListInitialise
 .text.vListInitialiseItem
                0x00003032       0x20 ./Rtos_Source/list.o
                0x00003032                vListInitialiseItem
 .text.vListInsertEnd
                0x00003052       0x88 ./Rtos_Source/list.o
                0x00003052                vListInsertEnd
 .text.vListInsert
                0x000030da       0xd8 ./Rtos_Source/list.o
                0x000030da                vListInsert
 .text.uxListRemove
                0x000031b2       0x98 ./Rtos_Source/list.o
                0x000031b2                uxListRemove
 .text.xQueueGenericReset
                0x0000324a      0x156 ./Rtos_Source/queue.o
                0x0000324a                xQueueGenericReset
 .text.xQueueGenericCreate
                0x000033a0       0xe8 ./Rtos_Source/queue.o
                0x000033a0                xQueueGenericCreate
 .text.prvInitialiseNewQueue
                0x00003488       0x76 ./Rtos_Source/queue.o
 .text.xQueueGenericSend
                0x000034fe      0x158 ./Rtos_Source/queue.o
                0x000034fe                xQueueGenericSend
 .text.xQueueGenericSendFromISR
                0x00003656       0xb8 ./Rtos_Source/queue.o
                0x00003656                xQueueGenericSendFromISR
 .text.xQueueGiveFromISR
                0x0000370e       0xa2 ./Rtos_Source/queue.o
                0x0000370e                xQueueGiveFromISR
 .text.xQueueReceive
                0x000037b0      0x156 ./Rtos_Source/queue.o
                0x000037b0                xQueueReceive
 .text.xQueueSemaphoreTake
                0x00003906      0x144 ./Rtos_Source/queue.o
                0x00003906                xQueueSemaphoreTake
 .text.xQueuePeek
                0x00003a4a      0x164 ./Rtos_Source/queue.o
                0x00003a4a                xQueuePeek
 .text.xQueueReceiveFromISR
                0x00003bae       0xae ./Rtos_Source/queue.o
                0x00003bae                xQueueReceiveFromISR
 .text.xQueuePeekFromISR
                0x00003c5c       0x72 ./Rtos_Source/queue.o
                0x00003c5c                xQueuePeekFromISR
 .text.uxQueueMessagesWaiting
                0x00003cce       0x30 ./Rtos_Source/queue.o
                0x00003cce                uxQueueMessagesWaiting
 .text.uxQueueSpacesAvailable
                0x00003cfe       0x4a ./Rtos_Source/queue.o
                0x00003cfe                uxQueueSpacesAvailable
 .text.uxQueueMessagesWaitingFromISR
                0x00003d48       0x34 ./Rtos_Source/queue.o
                0x00003d48                uxQueueMessagesWaitingFromISR
 .text.vQueueDelete
                0x00003d7c       0x2e ./Rtos_Source/queue.o
                0x00003d7c                vQueueDelete
 .text.prvCopyDataToQueue
                0x00003daa      0x14c ./Rtos_Source/queue.o
 .text.prvCopyDataFromQueue
                0x00003ef6       0x8e ./Rtos_Source/queue.o
 .text.prvUnlockQueue
                0x00003f84       0xa6 ./Rtos_Source/queue.o
 .text.prvIsQueueEmpty
                0x0000402a       0x3a ./Rtos_Source/queue.o
 .text.xQueueIsQueueEmptyFromISR
                0x00004064       0x3e ./Rtos_Source/queue.o
                0x00004064                xQueueIsQueueEmptyFromISR
 .text.prvIsQueueFull
                0x000040a2       0x40 ./Rtos_Source/queue.o
 .text.xQueueIsQueueFullFromISR
                0x000040e2       0x44 ./Rtos_Source/queue.o
                0x000040e2                xQueueIsQueueFullFromISR
 .text.xQueueCRSend
                0x00004126       0xc2 ./Rtos_Source/queue.o
                0x00004126                xQueueCRSend
 .text.xQueueCRReceive
                0x000041e8      0x11c ./Rtos_Source/queue.o
                0x000041e8                xQueueCRReceive
 .text.xQueueCRSendFromISR
                0x00004304       0x82 ./Rtos_Source/queue.o
                0x00004304                xQueueCRSendFromISR
 .text.xQueueCRReceiveFromISR
                0x00004386       0xea ./Rtos_Source/queue.o
                0x00004386                xQueueCRReceiveFromISR
 .text.vQueueWaitForMessageRestricted
                0x00004470       0x86 ./Rtos_Source/queue.o
                0x00004470                vQueueWaitForMessageRestricted
 .text.xTaskCreate
                0x000044f6       0xf0 ./Rtos_Source/tasks.o
                0x000044f6                xTaskCreate
 .text.prvInitialiseNewTask
                0x000045e6      0x18a ./Rtos_Source/tasks.o
 .text.prvAddNewTaskToReadyList
                0x00004770      0x17a ./Rtos_Source/tasks.o
 .text.vTaskDelete
                0x000048ea       0xf6 ./Rtos_Source/tasks.o
                0x000048ea                vTaskDelete
 .text.xTaskDelayUntil
                0x000049e0       0xe6 ./Rtos_Source/tasks.o
                0x000049e0                xTaskDelayUntil
 .text.vTaskDelay
                0x00004ac6       0x44 ./Rtos_Source/tasks.o
                0x00004ac6                vTaskDelay
 .text.vTaskStartScheduler
                0x00004b0a       0x76 ./Rtos_Source/tasks.o
                0x00004b0a                vTaskStartScheduler
 .text.vTaskEndScheduler
                0x00004b80       0x18 ./Rtos_Source/tasks.o
                0x00004b80                vTaskEndScheduler
 .text.vTaskSuspendAll
                0x00004b98       0x18 ./Rtos_Source/tasks.o
                0x00004b98                vTaskSuspendAll
 .text.xTaskResumeAll
                0x00004bb0      0x2a0 ./Rtos_Source/tasks.o
                0x00004bb0                xTaskResumeAll
 .text.xTaskGetTickCount
                0x00004e50       0x2e ./Rtos_Source/tasks.o
                0x00004e50                xTaskGetTickCount
 .text.xTaskGetTickCountFromISR
                0x00004e7e       0x2a ./Rtos_Source/tasks.o
                0x00004e7e                xTaskGetTickCountFromISR
 .text.uxTaskGetNumberOfTasks
                0x00004ea8       0x12 ./Rtos_Source/tasks.o
                0x00004ea8                uxTaskGetNumberOfTasks
 .text.pcTaskGetName
                0x00004eba       0x50 ./Rtos_Source/tasks.o
                0x00004eba                pcTaskGetName
 .text.xTaskCatchUpTicks
                0x00004f0a       0x40 ./Rtos_Source/tasks.o
                0x00004f0a                xTaskCatchUpTicks
 .text.xTaskIncrementTick
                0x00004f4a      0x32e ./Rtos_Source/tasks.o
                0x00004f4a                xTaskIncrementTick
 .text.vTaskSwitchContext
                0x00005278       0xda ./Rtos_Source/tasks.o
                0x00005278                vTaskSwitchContext
 .text.vTaskPlaceOnEventList
                0x00005352       0x44 ./Rtos_Source/tasks.o
                0x00005352                vTaskPlaceOnEventList
 .text.vTaskPlaceOnUnorderedEventList
                0x00005396       0xca ./Rtos_Source/tasks.o
                0x00005396                vTaskPlaceOnUnorderedEventList
 .text.vTaskPlaceOnEventListRestricted
                0x00005460       0xc4 ./Rtos_Source/tasks.o
                0x00005460                vTaskPlaceOnEventListRestricted
 .text.xTaskRemoveFromEventList
                0x00005524      0x288 ./Rtos_Source/tasks.o
                0x00005524                xTaskRemoveFromEventList
 .text.vTaskRemoveFromUnorderedEventList
                0x000057ac      0x21c ./Rtos_Source/tasks.o
                0x000057ac                vTaskRemoveFromUnorderedEventList
 .text.vTaskSetTimeOutState
                0x000059c8       0x3c ./Rtos_Source/tasks.o
                0x000059c8                vTaskSetTimeOutState
 .text.vTaskInternalSetTimeOutState
                0x00005a04       0x32 ./Rtos_Source/tasks.o
                0x00005a04                vTaskInternalSetTimeOutState
 .text.xTaskCheckForTimeOut
                0x00005a36       0xce ./Rtos_Source/tasks.o
                0x00005a36                xTaskCheckForTimeOut
 .text.vTaskMissedYield
                0x00005b04       0x14 ./Rtos_Source/tasks.o
                0x00005b04                vTaskMissedYield
 .text.prvIdleTask
                0x00005b18       0x20 ./Rtos_Source/tasks.o
 .text.prvInitialiseTaskLists
                0x00005b38       0x7a ./Rtos_Source/tasks.o
 .text.prvCheckTasksWaitingTermination
                0x00005bb2       0x5e ./Rtos_Source/tasks.o
 .text.prvDeleteTCB
                0x00005c10       0x2c ./Rtos_Source/tasks.o
 .text.prvResetNextTaskUnblockTime
                0x00005c3c       0x44 ./Rtos_Source/tasks.o
 .text.xTaskGetSchedulerState
                0x00005c80       0x32 ./Rtos_Source/tasks.o
                0x00005c80                xTaskGetSchedulerState
 .text.uxTaskResetEventItemValue
                0x00005cb2       0x4e ./Rtos_Source/tasks.o
                0x00005cb2                uxTaskResetEventItemValue
 .text.ulTaskGenericNotifyTake
                0x00005d00      0x16c ./Rtos_Source/tasks.o
                0x00005d00                ulTaskGenericNotifyTake
 .text.xTaskGenericNotifyWait
                0x00005e6c      0x1ee ./Rtos_Source/tasks.o
                0x00005e6c                xTaskGenericNotifyWait
 .text.xTaskGenericNotify
                0x0000605a      0x37c ./Rtos_Source/tasks.o
                0x0000605a                xTaskGenericNotify
 .text.xTaskGenericNotifyFromISR
                0x000063d6      0x3fe ./Rtos_Source/tasks.o
                0x000063d6                xTaskGenericNotifyFromISR
 .text.vTaskGenericNotifyGiveFromISR
                0x000067d4      0x2a0 ./Rtos_Source/tasks.o
                0x000067d4                vTaskGenericNotifyGiveFromISR
 .text.xTaskGenericNotifyStateClear
                0x00006a74       0x92 ./Rtos_Source/tasks.o
                0x00006a74                xTaskGenericNotifyStateClear
 .text.ulTaskGenericNotifyValueClear
                0x00006b06      0x104 ./Rtos_Source/tasks.o
                0x00006b06                ulTaskGenericNotifyValueClear
 .text.prvAddCurrentTaskToDelayedList
                0x00006c0a       0xcc ./Rtos_Source/tasks.o
 .text.xTimerCreateTimerTask
                0x00006cd6       0x52 ./Rtos_Source/timers.o
                0x00006cd6                xTimerCreateTimerTask
 .text.xTimerCreate
                0x00006d28       0x86 ./Rtos_Source/timers.o
                0x00006d28                xTimerCreate
 .text.prvInitialiseNewTimer
                0x00006dae       0x9e ./Rtos_Source/timers.o
 .text.xTimerGenericCommand
                0x00006e4c       0xca ./Rtos_Source/timers.o
                0x00006e4c                xTimerGenericCommand
 .text.xTimerGetTimerDaemonTaskHandle
                0x00006f16       0x16 ./Rtos_Source/timers.o
                0x00006f16                xTimerGetTimerDaemonTaskHandle
 .text.xTimerGetPeriod
                0x00006f2c       0x2e ./Rtos_Source/timers.o
                0x00006f2c                xTimerGetPeriod
 .text.vTimerSetReloadMode
                0x00006f5a       0x5a ./Rtos_Source/timers.o
                0x00006f5a                vTimerSetReloadMode
 .text.uxTimerGetReloadMode
                0x00006fb4       0x50 ./Rtos_Source/timers.o
                0x00006fb4                uxTimerGetReloadMode
 .text.xTimerGetExpiryTime
                0x00007004       0x3c ./Rtos_Source/timers.o
                0x00007004                xTimerGetExpiryTime
 .text.pcTimerGetName
                0x00007040       0x2e ./Rtos_Source/timers.o
                0x00007040                pcTimerGetName
 .text.prvReloadTimer
                0x0000706e       0x7e ./Rtos_Source/timers.o
 .text.prvProcessExpiredTimer
                0x000070ec       0x8c ./Rtos_Source/timers.o
 .text.prvTimerTask
                0x00007178       0x30 ./Rtos_Source/timers.o
 .text.prvProcessTimerOrBlockTask
                0x000071a8       0xae ./Rtos_Source/timers.o
 .text.prvGetNextExpireTime
                0x00007256       0x68 ./Rtos_Source/timers.o
 .text.prvSampleTimeNow
                0x000072be       0x5c ./Rtos_Source/timers.o
 .text.prvInsertTimerInActiveList
                0x0000731a       0xd0 ./Rtos_Source/timers.o
 .text.prvProcessReceivedCommands
                0x000073ea      0x1f6 ./Rtos_Source/timers.o
 .text.prvSwitchTimerLists
                0x000075e0       0x74 ./Rtos_Source/timers.o
 .text.prvCheckForValidListAndQueue
                0x00007654       0x5e ./Rtos_Source/timers.o
 .text.xTimerIsTimerActive
                0x000076b2       0x50 ./Rtos_Source/timers.o
                0x000076b2                xTimerIsTimerActive
 .text.pvTimerGetTimerID
                0x00007702       0x46 ./Rtos_Source/timers.o
                0x00007702                pvTimerGetTimerID
 .text.vTimerSetTimerID
                0x00007748       0x46 ./Rtos_Source/timers.o
                0x00007748                vTimerSetTimerID
 .text.libgcc   0x0000778e       0x28 c:/winavr-20100110/bin/../lib/gcc/avr/4.3.3/avr5\libgcc.a(_udivmodhi4.o)
                0x0000778e                __udivmodhi4
 .text.libgcc   0x000077b6        0x0 c:/winavr-20100110/bin/../lib/gcc/avr/4.3.3/avr5\libgcc.a(_exit.o)
 .text.libgcc   0x000077b6        0x0 c:/winavr-20100110/bin/../lib/gcc/avr/4.3.3/avr5\libgcc.a(_copy_data.o)
 .text.libgcc   0x000077b6        0x0 c:/winavr-20100110/bin/../lib/gcc/avr/4.3.3/avr5\libgcc.a(_clear_bss.o)
 .text.libgcc   0x000077b6       0x38 c:/winavr-20100110/bin/../lib/gcc/avr/4.3.3/avr5\libgcc.a(_prologue.o)
                0x000077b6                __prologue_saves__
 .text.libgcc   0x000077ee       0x36 c:/winavr-20100110/bin/../lib/gcc/avr/4.3.3/avr5\libgcc.a(_epilogue.o)
                0x000077ee                __epilogue_restores__
 .text.avr-libc
                0x00007824       0x12 c:/winavr-20100110/bin/../lib/gcc/avr/4.3.3/../../../../avr/lib/avr5\libc.a(memcpy.o)
                0x00007824                memcpy
 .text.avr-libc
                0x00007836        0xe c:/winavr-20100110/bin/../lib/gcc/avr/4.3.3/../../../../avr/lib/avr5\libc.a(memset.o)
                0x00007836                memset
                0x00007844                . = ALIGN (0x2)
 *(.fini9)
 .fini9         0x00007844        0x0 c:/winavr-20100110/bin/../lib/gcc/avr/4.3.3/avr5\libgcc.a(_exit.o)
                0x00007844                exit
                0x00007844                _exit
 *(.fini9)
 *(.fini8)
 *(.fini8)
 *(.fini7)
 *(.fini7)
 *(.fini6)
 *(.fini6)
 *(.fini5)
 *(.fini5)
 *(.fini4)
 *(.fini4)
 *(.fini3)
 *(.fini3)
 *(.fini2)
 *(.fini2)
 *(.fini1)
 *(.fini1)
 *(.fini0)
 .fini0         0x00007844        0x4 c:/winavr-20100110/bin/../lib/gcc/avr/4.3.3/avr5\libgcc.a(_exit.o)
 *(.fini0)
                0x00007848                _etext = .

.data           0x00800060       0xca load address 0x00007848
                0x00800060                PROVIDE (__data_start, .)
 *(.data)
 .data          0x00800060        0x0 c:/winavr-20100110/bin/../lib/gcc/avr/4.3.3/../../../../avr/lib/avr5/crtm323.o
 .data          0x00800060        0x0 ./source_main/MCAL/timer/timer.o
 .data          0x00800060        0x0 ./source_main/MCAL/spi/spi.o
 .data          0x00800060        0x0 ./source_main/MCAL/gpio/gpio.o
 .data          0x00800060        0x0 ./source_main/MCAL/gpio/gpio_PBcfg.o
 .data          0x00800060       0x13 ./source_main/main.o
 .data          0x00800073        0x0 ./Rtos_Source/portable/MemMang/heap_1.o
 .data          0x00800073        0x0 ./Rtos_Source/portable/GCC/ATMega323/port.o
 .data          0x00800073        0x0 ./Rtos_Source/croutine.o
 .data          0x00800073        0x0 ./Rtos_Source/event_groups.o
 .data          0x00800073        0x0 ./Rtos_Source/list.o
 .data          0x00800073        0x0 ./Rtos_Source/queue.o
 .data          0x00800073        0x5 ./Rtos_Source/tasks.o
 .data          0x00800078        0x8 ./Rtos_Source/timers.o
 .data          0x00800080        0x0 c:/winavr-20100110/bin/../lib/gcc/avr/4.3.3/avr5\libgcc.a(_udivmodhi4.o)
 .data          0x00800080        0x0 c:/winavr-20100110/bin/../lib/gcc/avr/4.3.3/avr5\libgcc.a(_exit.o)
 .data          0x00800080        0x0 c:/winavr-20100110/bin/../lib/gcc/avr/4.3.3/avr5\libgcc.a(_copy_data.o)
 .data          0x00800080        0x0 c:/winavr-20100110/bin/../lib/gcc/avr/4.3.3/avr5\libgcc.a(_clear_bss.o)
 .data          0x00800080        0x0 c:/winavr-20100110/bin/../lib/gcc/avr/4.3.3/avr5\libgcc.a(_fixunssfsi.o)
 .data          0x00800080        0x0 c:/winavr-20100110/bin/../lib/gcc/avr/4.3.3/avr5\libgcc.a(_addsub_sf.o)
 .data          0x00800080        0x0 c:/winavr-20100110/bin/../lib/gcc/avr/4.3.3/avr5\libgcc.a(_mul_sf.o)
 .data          0x00800080        0x0 c:/winavr-20100110/bin/../lib/gcc/avr/4.3.3/avr5\libgcc.a(_gt_sf.o)
 .data          0x00800080        0x0 c:/winavr-20100110/bin/../lib/gcc/avr/4.3.3/avr5\libgcc.a(_ge_sf.o)
 .data          0x00800080        0x0 c:/winavr-20100110/bin/../lib/gcc/avr/4.3.3/avr5\libgcc.a(_lt_sf.o)
 .data          0x00800080        0x0 c:/winavr-20100110/bin/../lib/gcc/avr/4.3.3/avr5\libgcc.a(_sf_to_si.o)
 .data          0x00800080        0x8 c:/winavr-20100110/bin/../lib/gcc/avr/4.3.3/avr5\libgcc.a(_thenan_sf.o)
                0x00800080                __thenan_sf
 .data          0x00800088        0x0 c:/winavr-20100110/bin/../lib/gcc/avr/4.3.3/avr5\libgcc.a(_prologue.o)
 .data          0x00800088        0x0 c:/winavr-20100110/bin/../lib/gcc/avr/4.3.3/avr5\libgcc.a(_epilogue.o)
 .data          0x00800088        0x0 c:/winavr-20100110/bin/../lib/gcc/avr/4.3.3/avr5\libgcc.a(_pack_sf.o)
 .data          0x00800088        0x0 c:/winavr-20100110/bin/../lib/gcc/avr/4.3.3/avr5\libgcc.a(_unpack_sf.o)
 .data          0x00800088        0x0 c:/winavr-20100110/bin/../lib/gcc/avr/4.3.3/avr5\libgcc.a(_fpcmp_parts_sf.o)
 .data          0x00800088        0x0 c:/winavr-20100110/bin/../lib/gcc/avr/4.3.3/../../../../avr/lib/avr5\libc.a(memcpy.o)
 .data          0x00800088        0x0 c:/winavr-20100110/bin/../lib/gcc/avr/4.3.3/../../../../avr/lib/avr5\libc.a(memset.o)
 *(.data*)
 .data.uxTopUsedPriority
                0x00800088        0x1 ./Rtos_Source/tasks.o
                0x00800088                uxTopUsedPriority
 *(.rodata)
 *(.rodata*)
 .rodata.GPIO_ConfigPin
                0x00800089       0xa0 ./source_main/MCAL/gpio/gpio_PBcfg.o
                0x00800089                GPIO_ConfigPin
 *(.gnu.linkonce.d*)
                0x0080012a                . = ALIGN (0x2)
 *fill*         0x00800129        0x1 00
                0x0080012a                _edata = .
                0x0080012a                PROVIDE (__data_end, .)

.bss            0x0080012a      0x69c
                0x0080012a                PROVIDE (__bss_start, .)
 *(.bss)
 .bss           0x0080012a        0x0 c:/winavr-20100110/bin/../lib/gcc/avr/4.3.3/../../../../avr/lib/avr5/crtm323.o
 .bss           0x0080012a        0x0 ./source_main/MCAL/timer/timer.o
 .bss           0x0080012a        0x0 ./source_main/MCAL/spi/spi.o
 .bss           0x0080012a        0x0 ./source_main/MCAL/gpio/gpio.o
 .bss           0x0080012a        0x0 ./source_main/MCAL/gpio/gpio_PBcfg.o
 .bss           0x0080012a        0x0 ./source_main/main.o
 .bss           0x0080012a        0x0 ./Rtos_Source/portable/MemMang/heap_1.o
 .bss           0x0080012a        0x0 ./Rtos_Source/portable/GCC/ATMega323/port.o
 .bss           0x0080012a        0x0 ./Rtos_Source/croutine.o
 .bss           0x0080012a        0x0 ./Rtos_Source/event_groups.o
 .bss           0x0080012a        0x0 ./Rtos_Source/list.o
 .bss           0x0080012a        0x0 ./Rtos_Source/queue.o
 .bss           0x0080012a        0x0 ./Rtos_Source/tasks.o
 .bss           0x0080012a        0x0 ./Rtos_Source/timers.o
 .bss           0x0080012a        0x0 c:/winavr-20100110/bin/../lib/gcc/avr/4.3.3/avr5\libgcc.a(_udivmodhi4.o)
 .bss           0x0080012a        0x0 c:/winavr-20100110/bin/../lib/gcc/avr/4.3.3/avr5\libgcc.a(_exit.o)
 .bss           0x0080012a        0x0 c:/winavr-20100110/bin/../lib/gcc/avr/4.3.3/avr5\libgcc.a(_copy_data.o)
 .bss           0x0080012a        0x0 c:/winavr-20100110/bin/../lib/gcc/avr/4.3.3/avr5\libgcc.a(_clear_bss.o)
 .bss           0x0080012a        0x0 c:/winavr-20100110/bin/../lib/gcc/avr/4.3.3/avr5\libgcc.a(_fixunssfsi.o)
 .bss           0x0080012a        0x0 c:/winavr-20100110/bin/../lib/gcc/avr/4.3.3/avr5\libgcc.a(_addsub_sf.o)
 .bss           0x0080012a        0x0 c:/winavr-20100110/bin/../lib/gcc/avr/4.3.3/avr5\libgcc.a(_mul_sf.o)
 .bss           0x0080012a        0x0 c:/winavr-20100110/bin/../lib/gcc/avr/4.3.3/avr5\libgcc.a(_gt_sf.o)
 .bss           0x0080012a        0x0 c:/winavr-20100110/bin/../lib/gcc/avr/4.3.3/avr5\libgcc.a(_ge_sf.o)
 .bss           0x0080012a        0x0 c:/winavr-20100110/bin/../lib/gcc/avr/4.3.3/avr5\libgcc.a(_lt_sf.o)
 .bss           0x0080012a        0x0 c:/winavr-20100110/bin/../lib/gcc/avr/4.3.3/avr5\libgcc.a(_sf_to_si.o)
 .bss           0x0080012a        0x0 c:/winavr-20100110/bin/../lib/gcc/avr/4.3.3/avr5\libgcc.a(_thenan_sf.o)
 .bss           0x0080012a        0x0 c:/winavr-20100110/bin/../lib/gcc/avr/4.3.3/avr5\libgcc.a(_prologue.o)
 .bss           0x0080012a        0x0 c:/winavr-20100110/bin/../lib/gcc/avr/4.3.3/avr5\libgcc.a(_epilogue.o)
 .bss           0x0080012a        0x0 c:/winavr-20100110/bin/../lib/gcc/avr/4.3.3/avr5\libgcc.a(_pack_sf.o)
 .bss           0x0080012a        0x0 c:/winavr-20100110/bin/../lib/gcc/avr/4.3.3/avr5\libgcc.a(_unpack_sf.o)
 .bss           0x0080012a        0x0 c:/winavr-20100110/bin/../lib/gcc/avr/4.3.3/avr5\libgcc.a(_fpcmp_parts_sf.o)
 .bss           0x0080012a        0x0 c:/winavr-20100110/bin/../lib/gcc/avr/4.3.3/../../../../avr/lib/avr5\libc.a(memcpy.o)
 .bss           0x0080012a        0x0 c:/winavr-20100110/bin/../lib/gcc/avr/4.3.3/../../../../avr/lib/avr5\libc.a(memset.o)
 *(.bss*)
 .bss.g_callBackPtr
                0x0080012a        0x2 ./source_main/MCAL/timer/timer.o
 .bss.xNextFreeByte
                0x0080012c        0x2 ./Rtos_Source/portable/MemMang/heap_1.o
 .bss.pucAlignedHeap.1670
                0x0080012e        0x2 ./Rtos_Source/portable/MemMang/heap_1.o
 .bss.ucHeap    0x00800130      0x5dc ./Rtos_Source/portable/MemMang/heap_1.o
 .bss.pxDelayedCoRoutineList
                0x0080070c        0x2 ./Rtos_Source/croutine.o
 .bss.pxOverflowDelayedCoRoutineList
                0x0080070e        0x2 ./Rtos_Source/croutine.o
 .bss.pxCurrentCoRoutine
                0x00800710        0x2 ./Rtos_Source/croutine.o
                0x00800710                pxCurrentCoRoutine
 .bss.uxTopCoRoutineReadyPriority
                0x00800712        0x1 ./Rtos_Source/croutine.o
 .bss.xCoRoutineTickCount
                0x00800713        0x2 ./Rtos_Source/croutine.o
 .bss.xLastTickCount
                0x00800715        0x2 ./Rtos_Source/croutine.o
 .bss.xPassedTicks
                0x00800717        0x2 ./Rtos_Source/croutine.o
 .bss.pxReadyCoRoutineLists
                0x00800719       0x12 ./Rtos_Source/croutine.o
 .bss.xDelayedCoRoutineList1
                0x0080072b        0x9 ./Rtos_Source/croutine.o
 .bss.xDelayedCoRoutineList2
                0x00800734        0x9 ./Rtos_Source/croutine.o
 .bss.xPendingReadyCoRoutineList
                0x0080073d        0x9 ./Rtos_Source/croutine.o
 .bss.pxCurrentTCB
                0x00800746        0x2 ./Rtos_Source/tasks.o
                0x00800746                pxCurrentTCB
 .bss.uxDeletedTasksWaitingCleanUp
                0x00800748        0x1 ./Rtos_Source/tasks.o
 .bss.uxCurrentNumberOfTasks
                0x00800749        0x1 ./Rtos_Source/tasks.o
 .bss.xTickCount
                0x0080074a        0x2 ./Rtos_Source/tasks.o
 .bss.uxTopReadyPriority
                0x0080074c        0x1 ./Rtos_Source/tasks.o
 .bss.xSchedulerRunning
                0x0080074d        0x1 ./Rtos_Source/tasks.o
 .bss.xPendedTicks
                0x0080074e        0x2 ./Rtos_Source/tasks.o
 .bss.xYieldPending
                0x00800750        0x1 ./Rtos_Source/tasks.o
 .bss.xNumOfOverflows
                0x00800751        0x1 ./Rtos_Source/tasks.o
 .bss.uxTaskNumber
                0x00800752        0x1 ./Rtos_Source/tasks.o
 .bss.xNextTaskUnblockTime
                0x00800753        0x2 ./Rtos_Source/tasks.o
 .bss.xIdleTaskHandle
                0x00800755        0x2 ./Rtos_Source/tasks.o
 .bss.uxSchedulerSuspended
                0x00800757        0x1 ./Rtos_Source/tasks.o
 .bss.pxReadyTasksLists
                0x00800758       0x24 ./Rtos_Source/tasks.o
 .bss.xDelayedTaskList1
                0x0080077c        0x9 ./Rtos_Source/tasks.o
 .bss.xDelayedTaskList2
                0x00800785        0x9 ./Rtos_Source/tasks.o
 .bss.pxDelayedTaskList
                0x0080078e        0x2 ./Rtos_Source/tasks.o
 .bss.pxOverflowDelayedTaskList
                0x00800790        0x2 ./Rtos_Source/tasks.o
 .bss.xPendingReadyList
                0x00800792        0x9 ./Rtos_Source/tasks.o
 .bss.xTasksWaitingTermination
                0x0080079b        0x9 ./Rtos_Source/tasks.o
 .bss.xTimerQueue
                0x008007a4        0x2 ./Rtos_Source/timers.o
 .bss.xTimerTaskHandle
                0x008007a6        0x2 ./Rtos_Source/timers.o
 .bss.xLastTime.2087
                0x008007a8        0x2 ./Rtos_Source/timers.o
 .bss.xActiveTimerList1
                0x008007aa        0x9 ./Rtos_Source/timers.o
 .bss.xActiveTimerList2
                0x008007b3        0x9 ./Rtos_Source/timers.o
 .bss.pxCurrentTimerList
                0x008007bc        0x2 ./Rtos_Source/timers.o
 .bss.pxOverflowTimerList
                0x008007be        0x2 ./Rtos_Source/timers.o
 *(COMMON)
 COMMON         0x008007c0        0x6 ./source_main/main.o
                0x008007c0                task3ptr
                0x008007c2                task2ptr
                0x008007c4                task1ptr
                0x008007c6                PROVIDE (__bss_end, .)
                0x00007848                __data_load_start = LOADADDR (.data)
                0x00007912                __data_load_end = (__data_load_start + SIZEOF (.data))

.noinit         0x008007c6        0x0
                0x008007c6                PROVIDE (__noinit_start, .)
 *(.noinit*)
                0x008007c6                PROVIDE (__noinit_end, .)
                0x008007c6                _end = .
                0x008007c6                PROVIDE (__heap_start, .)

.eeprom         0x00810000        0x0
 *(.eeprom*)
                0x00810000                __eeprom_end = .

.fuse
 *(.fuse)
 *(.lfuse)
 *(.hfuse)
 *(.efuse)

.lock
 *(.lock*)

.signature
 *(.signature*)

.stab           0x00000000     0x9d20
 *(.stab)
 .stab          0x00000000      0x5ac ./source_main/MCAL/timer/timer.o
 .stab          0x000005ac      0x504 ./source_main/MCAL/spi/spi.o
                                0x6b4 (size before relaxing)
 .stab          0x00000ab0      0xc00 ./source_main/MCAL/gpio/gpio.o
                                0xdbc (size before relaxing)
 .stab          0x000016b0      0x144 ./source_main/MCAL/gpio/gpio_PBcfg.o
                                0x444 (size before relaxing)
 .stab          0x000017f4      0x714 ./source_main/main.o
                                0x978 (size before relaxing)
 .stab          0x00001f08      0x4a4 ./Rtos_Source/portable/MemMang/heap_1.o
                                0x7d4 (size before relaxing)
 .stab          0x000023ac      0x840 ./Rtos_Source/portable/GCC/ATMega323/port.o
                                0xcfc (size before relaxing)
 .stab          0x00002bec      0x84c ./Rtos_Source/croutine.o
                                0xcd8 (size before relaxing)
 .stab          0x00003438      0xc3c ./Rtos_Source/event_groups.o
                               0x1134 (size before relaxing)
 .stab          0x00004074      0x474 ./Rtos_Source/list.o
                                0x870 (size before relaxing)
 .stab          0x000044e8     0x2070 ./Rtos_Source/queue.o
                               0x2574 (size before relaxing)
 .stab          0x00006558     0x2634 ./Rtos_Source/tasks.o
                               0x2b2c (size before relaxing)
 .stab          0x00008b8c     0x1194 ./Rtos_Source/timers.o
                               0x16bc (size before relaxing)

.stabstr        0x00000000     0x617b
 *(.stabstr)
 .stabstr       0x00000000     0x617b ./source_main/MCAL/timer/timer.o

.stab.excl
 *(.stab.excl)

.stab.exclstr
 *(.stab.exclstr)

.stab.index
 *(.stab.index)

.stab.indexstr
 *(.stab.indexstr)

.comment
 *(.comment)

.debug
 *(.debug)

.line
 *(.line)

.debug_srcinfo
 *(.debug_srcinfo)

.debug_sfnames
 *(.debug_sfnames)

.debug_aranges  0x00000000      0x140
 *(.debug_aranges)
 .debug_aranges
                0x00000000       0x20 c:/winavr-20100110/bin/../lib/gcc/avr/4.3.3/avr5\libgcc.a(_fixunssfsi.o)
 .debug_aranges
                0x00000020       0x20 c:/winavr-20100110/bin/../lib/gcc/avr/4.3.3/avr5\libgcc.a(_addsub_sf.o)
 .debug_aranges
                0x00000040       0x20 c:/winavr-20100110/bin/../lib/gcc/avr/4.3.3/avr5\libgcc.a(_mul_sf.o)
 .debug_aranges
                0x00000060       0x20 c:/winavr-20100110/bin/../lib/gcc/avr/4.3.3/avr5\libgcc.a(_gt_sf.o)
 .debug_aranges
                0x00000080       0x20 c:/winavr-20100110/bin/../lib/gcc/avr/4.3.3/avr5\libgcc.a(_ge_sf.o)
 .debug_aranges
                0x000000a0       0x20 c:/winavr-20100110/bin/../lib/gcc/avr/4.3.3/avr5\libgcc.a(_lt_sf.o)
 .debug_aranges
                0x000000c0       0x20 c:/winavr-20100110/bin/../lib/gcc/avr/4.3.3/avr5\libgcc.a(_sf_to_si.o)
 .debug_aranges
                0x000000e0       0x20 c:/winavr-20100110/bin/../lib/gcc/avr/4.3.3/avr5\libgcc.a(_pack_sf.o)
 .debug_aranges
                0x00000100       0x20 c:/winavr-20100110/bin/../lib/gcc/avr/4.3.3/avr5\libgcc.a(_unpack_sf.o)
 .debug_aranges
                0x00000120       0x20 c:/winavr-20100110/bin/../lib/gcc/avr/4.3.3/avr5\libgcc.a(_fpcmp_parts_sf.o)

.debug_pubnames
                0x00000000      0x170
 *(.debug_pubnames)
 .debug_pubnames
                0x00000000       0x23 c:/winavr-20100110/bin/../lib/gcc/avr/4.3.3/avr5\libgcc.a(_fixunssfsi.o)
 .debug_pubnames
                0x00000023       0x2c c:/winavr-20100110/bin/../lib/gcc/avr/4.3.3/avr5\libgcc.a(_addsub_sf.o)
 .debug_pubnames
                0x0000004f       0x1f c:/winavr-20100110/bin/../lib/gcc/avr/4.3.3/avr5\libgcc.a(_mul_sf.o)
 .debug_pubnames
                0x0000006e       0x1e c:/winavr-20100110/bin/../lib/gcc/avr/4.3.3/avr5\libgcc.a(_gt_sf.o)
 .debug_pubnames
                0x0000008c       0x1e c:/winavr-20100110/bin/../lib/gcc/avr/4.3.3/avr5\libgcc.a(_ge_sf.o)
 .debug_pubnames
                0x000000aa       0x1e c:/winavr-20100110/bin/../lib/gcc/avr/4.3.3/avr5\libgcc.a(_lt_sf.o)
 .debug_pubnames
                0x000000c8       0x20 c:/winavr-20100110/bin/../lib/gcc/avr/4.3.3/avr5\libgcc.a(_sf_to_si.o)
 .debug_pubnames
                0x000000e8       0x22 c:/winavr-20100110/bin/../lib/gcc/avr/4.3.3/avr5\libgcc.a(_thenan_sf.o)
 .debug_pubnames
                0x0000010a       0x1f c:/winavr-20100110/bin/../lib/gcc/avr/4.3.3/avr5\libgcc.a(_pack_sf.o)
 .debug_pubnames
                0x00000129       0x21 c:/winavr-20100110/bin/../lib/gcc/avr/4.3.3/avr5\libgcc.a(_unpack_sf.o)
 .debug_pubnames
                0x0000014a       0x26 c:/winavr-20100110/bin/../lib/gcc/avr/4.3.3/avr5\libgcc.a(_fpcmp_parts_sf.o)

.debug_info     0x00000000     0x1c49
 *(.debug_info)
 .debug_info    0x00000000       0xb1 c:/winavr-20100110/bin/../lib/gcc/avr/4.3.3/avr5\libgcc.a(_fixunssfsi.o)
 .debug_info    0x000000b1      0x47a c:/winavr-20100110/bin/../lib/gcc/avr/4.3.3/avr5\libgcc.a(_addsub_sf.o)
 .debug_info    0x0000052b      0x485 c:/winavr-20100110/bin/../lib/gcc/avr/4.3.3/avr5\libgcc.a(_mul_sf.o)
 .debug_info    0x000009b0      0x27f c:/winavr-20100110/bin/../lib/gcc/avr/4.3.3/avr5\libgcc.a(_gt_sf.o)
 .debug_info    0x00000c2f      0x27f c:/winavr-20100110/bin/../lib/gcc/avr/4.3.3/avr5\libgcc.a(_ge_sf.o)
 .debug_info    0x00000eae      0x27f c:/winavr-20100110/bin/../lib/gcc/avr/4.3.3/avr5\libgcc.a(_lt_sf.o)
 .debug_info    0x0000112d      0x2b0 c:/winavr-20100110/bin/../lib/gcc/avr/4.3.3/avr5\libgcc.a(_sf_to_si.o)
 .debug_info    0x000013dd      0x12c c:/winavr-20100110/bin/../lib/gcc/avr/4.3.3/avr5\libgcc.a(_thenan_sf.o)
 .debug_info    0x00001509      0x2df c:/winavr-20100110/bin/../lib/gcc/avr/4.3.3/avr5\libgcc.a(_pack_sf.o)
 .debug_info    0x000017e8      0x251 c:/winavr-20100110/bin/../lib/gcc/avr/4.3.3/avr5\libgcc.a(_unpack_sf.o)
 .debug_info    0x00001a39      0x210 c:/winavr-20100110/bin/../lib/gcc/avr/4.3.3/avr5\libgcc.a(_fpcmp_parts_sf.o)
 *(.gnu.linkonce.wi.*)

.debug_abbrev   0x00000000      0xeeb
 *(.debug_abbrev)
 .debug_abbrev  0x00000000       0x5d c:/winavr-20100110/bin/../lib/gcc/avr/4.3.3/avr5\libgcc.a(_fixunssfsi.o)
 .debug_abbrev  0x0000005d      0x1ea c:/winavr-20100110/bin/../lib/gcc/avr/4.3.3/avr5\libgcc.a(_addsub_sf.o)
 .debug_abbrev  0x00000247      0x21b c:/winavr-20100110/bin/../lib/gcc/avr/4.3.3/avr5\libgcc.a(_mul_sf.o)
 .debug_abbrev  0x00000462      0x15a c:/winavr-20100110/bin/../lib/gcc/avr/4.3.3/avr5\libgcc.a(_gt_sf.o)
 .debug_abbrev  0x000005bc      0x15a c:/winavr-20100110/bin/../lib/gcc/avr/4.3.3/avr5\libgcc.a(_ge_sf.o)
 .debug_abbrev  0x00000716      0x15a c:/winavr-20100110/bin/../lib/gcc/avr/4.3.3/avr5\libgcc.a(_lt_sf.o)
 .debug_abbrev  0x00000870      0x17f c:/winavr-20100110/bin/../lib/gcc/avr/4.3.3/avr5\libgcc.a(_sf_to_si.o)
 .debug_abbrev  0x000009ef       0xad c:/winavr-20100110/bin/../lib/gcc/avr/4.3.3/avr5\libgcc.a(_thenan_sf.o)
 .debug_abbrev  0x00000a9c      0x1c0 c:/winavr-20100110/bin/../lib/gcc/avr/4.3.3/avr5\libgcc.a(_pack_sf.o)
 .debug_abbrev  0x00000c5c      0x154 c:/winavr-20100110/bin/../lib/gcc/avr/4.3.3/avr5\libgcc.a(_unpack_sf.o)
 .debug_abbrev  0x00000db0      0x13b c:/winavr-20100110/bin/../lib/gcc/avr/4.3.3/avr5\libgcc.a(_fpcmp_parts_sf.o)

.debug_line     0x00000000      0xdad
 *(.debug_line)
 .debug_line    0x00000000       0xa7 c:/winavr-20100110/bin/../lib/gcc/avr/4.3.3/avr5\libgcc.a(_fixunssfsi.o)
 .debug_line    0x000000a7      0x2af c:/winavr-20100110/bin/../lib/gcc/avr/4.3.3/avr5\libgcc.a(_addsub_sf.o)
 .debug_line    0x00000356      0x239 c:/winavr-20100110/bin/../lib/gcc/avr/4.3.3/avr5\libgcc.a(_mul_sf.o)
 .debug_line    0x0000058f       0xd3 c:/winavr-20100110/bin/../lib/gcc/avr/4.3.3/avr5\libgcc.a(_gt_sf.o)
 .debug_line    0x00000662       0xd3 c:/winavr-20100110/bin/../lib/gcc/avr/4.3.3/avr5\libgcc.a(_ge_sf.o)
 .debug_line    0x00000735       0xd3 c:/winavr-20100110/bin/../lib/gcc/avr/4.3.3/avr5\libgcc.a(_lt_sf.o)
 .debug_line    0x00000808      0x109 c:/winavr-20100110/bin/../lib/gcc/avr/4.3.3/avr5\libgcc.a(_sf_to_si.o)
 .debug_line    0x00000911       0x90 c:/winavr-20100110/bin/../lib/gcc/avr/4.3.3/avr5\libgcc.a(_thenan_sf.o)
 .debug_line    0x000009a1      0x18a c:/winavr-20100110/bin/../lib/gcc/avr/4.3.3/avr5\libgcc.a(_pack_sf.o)
 .debug_line    0x00000b2b      0x14b c:/winavr-20100110/bin/../lib/gcc/avr/4.3.3/avr5\libgcc.a(_unpack_sf.o)
 .debug_line    0x00000c76      0x137 c:/winavr-20100110/bin/../lib/gcc/avr/4.3.3/avr5\libgcc.a(_fpcmp_parts_sf.o)

.debug_frame    0x00000000      0x160
 *(.debug_frame)
 .debug_frame   0x00000000       0x20 c:/winavr-20100110/bin/../lib/gcc/avr/4.3.3/avr5\libgcc.a(_fixunssfsi.o)
 .debug_frame   0x00000020       0x40 c:/winavr-20100110/bin/../lib/gcc/avr/4.3.3/avr5\libgcc.a(_addsub_sf.o)
 .debug_frame   0x00000060       0x20 c:/winavr-20100110/bin/../lib/gcc/avr/4.3.3/avr5\libgcc.a(_mul_sf.o)
 .debug_frame   0x00000080       0x20 c:/winavr-20100110/bin/../lib/gcc/avr/4.3.3/avr5\libgcc.a(_gt_sf.o)
 .debug_frame   0x000000a0       0x20 c:/winavr-20100110/bin/../lib/gcc/avr/4.3.3/avr5\libgcc.a(_ge_sf.o)
 .debug_frame   0x000000c0       0x20 c:/winavr-20100110/bin/../lib/gcc/avr/4.3.3/avr5\libgcc.a(_lt_sf.o)
 .debug_frame   0x000000e0       0x20 c:/winavr-20100110/bin/../lib/gcc/avr/4.3.3/avr5\libgcc.a(_sf_to_si.o)
 .debug_frame   0x00000100       0x20 c:/winavr-20100110/bin/../lib/gcc/avr/4.3.3/avr5\libgcc.a(_pack_sf.o)
 .debug_frame   0x00000120       0x20 c:/winavr-20100110/bin/../lib/gcc/avr/4.3.3/avr5\libgcc.a(_unpack_sf.o)
 .debug_frame   0x00000140       0x20 c:/winavr-20100110/bin/../lib/gcc/avr/4.3.3/avr5\libgcc.a(_fpcmp_parts_sf.o)

.debug_str      0x00000000      0x28d
 *(.debug_str)
 .debug_str     0x00000000       0xbf c:/winavr-20100110/bin/../lib/gcc/avr/4.3.3/avr5\libgcc.a(_fixunssfsi.o)
                                 0xfe (size before relaxing)
 .debug_str     0x000000bf      0x14d c:/winavr-20100110/bin/../lib/gcc/avr/4.3.3/avr5\libgcc.a(_addsub_sf.o)
                                0x206 (size before relaxing)
 .debug_str     0x0000020c       0x27 c:/winavr-20100110/bin/../lib/gcc/avr/4.3.3/avr5\libgcc.a(_mul_sf.o)
                                0x1bf (size before relaxing)
 .debug_str     0x00000233        0xf c:/winavr-20100110/bin/../lib/gcc/avr/4.3.3/avr5\libgcc.a(_gt_sf.o)
                                0x195 (size before relaxing)
 .debug_str     0x00000242        0x8 c:/winavr-20100110/bin/../lib/gcc/avr/4.3.3/avr5\libgcc.a(_ge_sf.o)
                                0x195 (size before relaxing)
 .debug_str     0x0000024a        0x8 c:/winavr-20100110/bin/../lib/gcc/avr/4.3.3/avr5\libgcc.a(_lt_sf.o)
                                0x195 (size before relaxing)
 .debug_str     0x00000252        0xa c:/winavr-20100110/bin/../lib/gcc/avr/4.3.3/avr5\libgcc.a(_sf_to_si.o)
                                0x19e (size before relaxing)
 .debug_str     0x00000000      0x103 c:/winavr-20100110/bin/../lib/gcc/avr/4.3.3/avr5\libgcc.a(_thenan_sf.o)
 .debug_str     0x0000025c       0x16 c:/winavr-20100110/bin/../lib/gcc/avr/4.3.3/avr5\libgcc.a(_pack_sf.o)
                                0x19d (size before relaxing)
 .debug_str     0x00000272        0xb c:/winavr-20100110/bin/../lib/gcc/avr/4.3.3/avr5\libgcc.a(_unpack_sf.o)
                                0x17f (size before relaxing)
 .debug_str     0x0000027d       0x10 c:/winavr-20100110/bin/../lib/gcc/avr/4.3.3/avr5\libgcc.a(_fpcmp_parts_sf.o)
                                0x163 (size before relaxing)

.debug_loc      0x00000000      0x7ce
 *(.debug_loc)
 .debug_loc     0x00000000       0x34 c:/winavr-20100110/bin/../lib/gcc/avr/4.3.3/avr5\libgcc.a(_fixunssfsi.o)
 .debug_loc     0x00000034      0x32a c:/winavr-20100110/bin/../lib/gcc/avr/4.3.3/avr5\libgcc.a(_addsub_sf.o)
 .debug_loc     0x0000035e      0x104 c:/winavr-20100110/bin/../lib/gcc/avr/4.3.3/avr5\libgcc.a(_mul_sf.o)
 .debug_loc     0x00000462       0x3c c:/winavr-20100110/bin/../lib/gcc/avr/4.3.3/avr5\libgcc.a(_gt_sf.o)
 .debug_loc     0x0000049e       0x3c c:/winavr-20100110/bin/../lib/gcc/avr/4.3.3/avr5\libgcc.a(_ge_sf.o)
 .debug_loc     0x000004da       0x3c c:/winavr-20100110/bin/../lib/gcc/avr/4.3.3/avr5\libgcc.a(_lt_sf.o)
 .debug_loc     0x00000516       0x7e c:/winavr-20100110/bin/../lib/gcc/avr/4.3.3/avr5\libgcc.a(_sf_to_si.o)
 .debug_loc     0x00000594      0x13e c:/winavr-20100110/bin/../lib/gcc/avr/4.3.3/avr5\libgcc.a(_pack_sf.o)
 .debug_loc     0x000006d2       0xac c:/winavr-20100110/bin/../lib/gcc/avr/4.3.3/avr5\libgcc.a(_unpack_sf.o)
 .debug_loc     0x0000077e       0x50 c:/winavr-20100110/bin/../lib/gcc/avr/4.3.3/avr5\libgcc.a(_fpcmp_parts_sf.o)

.debug_macinfo
 *(.debug_macinfo)
OUTPUT(Rtos.elf elf32-avr)
LOAD linker stubs

.debug_ranges   0x00000000       0x50
 .debug_ranges  0x00000000       0x50 c:/winavr-20100110/bin/../lib/gcc/avr/4.3.3/avr5\libgcc.a(_mul_sf.o)
